{
  "test.ns.Foo" : {
    "attributes" : {
      "attr1" : {
        "xmlName" : "Attr1"
      },
      "attr2" : {
        "xmlName" : "Attr2"
      }
    }
  }
}