{
  "test.ns.AnimalBase" : {
    "attributes" : {
      "name" : {
        "xmlRepresentation" : "ATTRIBUTE"
      }
    }
  },
  "test.ns.Cow" : {
    "elements" : [
      {"name" : "cow", "fullyQualifiedName" : "http://www.test.com/test/cow", "substitutionGroup" : "http://www.test.com/test/animal", "abstract" :  false}
    ]
  },
  "test.ns.Document" : {
    "elements" : [
      {"name" : "document", "fullyQualifiedName" : "http://www.test.com/test/document", "abstract" :  false}
    ],
    "xmlAttributes" : {
      "xmlns" : "http://www.test.com/test",
      "xmlns:xsi" : "http://www.w3.org/2001/XMLSchema-instance"
    },
    "attributes" : {
      "animal" : {
        "elementRef" : "http://www.test.com/test/animal"
      }
    }
  },
  "test.ns.Fish" : {
    "elements" : [
      {"name" : "fish", "fullyQualifiedName" : "http://www.test.com/test/fish", "substitutionGroup" : "http://www.test.com/test/animal", "abstract" :  true}
    ]
  },
  "test.ns.Goat" : {
    "elements" : [
      {"name" : "goat", "fullyQualifiedName" : "http://www.test.com/test/goat", "substitutionGroup" : "http://www.test.com/test/animal", "abstract" :  false}
    ]
  },
  "test.ns.Shark" : {
    "elements" : [
      {"name" : "shark", "fullyQualifiedName" : "http://www.test.com/test/shark", "substitutionGroup" : "http://www.test.com/test/fish", "abstract" :  false}
    ]
  },
  "test.ns.Salmon" : {
    "elements" : [
      {"name" : "salmon", "fullyQualifiedName" : "http://www.test.com/test/salmon", "substitutionGroup" : "http://www.test.com/test/fish", "abstract" :  false}
    ]
  }
}